
tbd
v0.4.1
v0.4.0
    Commit: c248dcdd73cab924f0c9d945f209ea22b91958b3
    Description: Add `IncluceScopes` option for markdown formatting
    Body:     - extract `CustomTemplateFormatter` and `MarkdownFormatter`    -
v0.3.1
v0.3.0
    Commit: 1b775e3e7bae08ae2136c6358761aa91c1e6a3f4
    Description: Store `SemanticCommit`s flattened in Release
    Body:     - Release offers new methods to retrieve commits by type
v0.2.0
    Commit: cbd3c2a1dab94892fc75b72d236b19b334b24ba2
    Description: Move main.go to repository root
    Body:     - this eases up installation via `go get`
v0.1.0
    Commit: 492dac3e12fedada7e79a10aeb258576b6a73ae4
    Description: Parse `git log` instead of using go-git
    Body:     - `git log --decorate` does exactly what is necessary to match commits and their tags
